 threshold   oracle estimator    n  PAD_B  const_B  margin_vs_const  margin_lo  margin_hi  PAD_L1  const_L1
         3 vignette       gbt 1413 0.0660   0.0986          -0.0326    -0.0392    -0.0266  0.1589    0.1430
         3 vignette     ridge 1413 0.0756   0.0986          -0.0230    -0.0280    -0.0186  0.1883    0.1430
         3 vignette    linear 1413 0.0756   0.0986          -0.0230    -0.0280    -0.0186  0.1883    0.1430
         3 extended       gbt 1413 0.0623   0.0986          -0.0363    -0.0430    -0.0298  0.1547    0.1430
         3 extended     ridge 1413 0.0707   0.0986          -0.0279    -0.0327    -0.0233  0.1866    0.1430
         3 extended    linear 1413 0.0707   0.0986          -0.0279    -0.0327    -0.0233  0.1865    0.1430
         3 geometry       gbt 1413 0.0803   0.0986          -0.0183    -0.0237    -0.0138  0.1783    0.1430
         3 geometry     ridge 1413 0.0789   0.0986          -0.0197    -0.0233    -0.0163  0.1905    0.1430
         3 geometry    linear 1413 0.0789   0.0986          -0.0197    -0.0233    -0.0163  0.1905    0.1430
         4 vignette       gbt 1413 0.0458   0.0970          -0.0512    -0.0578    -0.0451  0.1399    0.1694
         4 vignette     ridge 1413 0.0498   0.0970          -0.0471    -0.0534    -0.0413  0.1520    0.1694
         4 vignette    linear 1413 0.0498   0.0970          -0.0472    -0.0534    -0.0413  0.1520    0.1694
         4 extended       gbt 1413 0.0394   0.0970          -0.0576    -0.0643    -0.0503  0.1271    0.1694
         4 extended     ridge 1413 0.0406   0.0970          -0.0564    -0.0627    -0.0505  0.1389    0.1694
         4 extended    linear 1413 0.0406   0.0970          -0.0564    -0.0627    -0.0505  0.1389    0.1694
         4 geometry       gbt 1413 0.0435   0.0970          -0.0535    -0.0599    -0.0471  0.1362    0.1694
         4 geometry     ridge 1413 0.0461   0.0970          -0.0509    -0.0567    -0.0453  0.1466    0.1694
         4 geometry    linear 1413 0.0461   0.0970          -0.0509    -0.0567    -0.0453  0.1466    0.1694
wrote /home/jovyan/ContestBench-Codebase/results/tables/oracle_b.csv, /home/jovyan/ContestBench-Codebase/results/tables/recalibration_b.csv
